Component: ARM Compiler 5.06 update 6 (build 750) Tool: armlink [4d35ed]

==============================================================================

Section Cross References

    system_stm32l4xx.o(i.SystemCoreClockUpdate) refers to system_stm32l4xx.o(.constdata) for .constdata
    system_stm32l4xx.o(i.SystemCoreClockUpdate) refers to system_stm32l4xx.o(.data) for .data
    stm32l4xx_ll_utils.o(i.LL_PLL_ConfigSystemClock_HSE) refers to stm32l4xx_ll_utils.o(i.UTILS_PLL_IsBusy) for UTILS_PLL_IsBusy
    stm32l4xx_ll_utils.o(i.LL_PLL_ConfigSystemClock_HSE) refers to stm32l4xx_ll_utils.o(i.UTILS_GetPLLOutputFrequency) for UTILS_GetPLLOutputFrequency
    stm32l4xx_ll_utils.o(i.LL_PLL_ConfigSystemClock_HSE) refers to stm32l4xx_ll_utils.o(i.LL_RCC_PLL_ConfigDomain_SYS) for LL_RCC_PLL_ConfigDomain_SYS
    stm32l4xx_ll_utils.o(i.LL_PLL_ConfigSystemClock_HSE) refers to stm32l4xx_ll_utils.o(i.UTILS_EnablePLLAndSwitchSystem) for UTILS_EnablePLLAndSwitchSystem
    stm32l4xx_ll_utils.o(i.LL_PLL_ConfigSystemClock_HSI) refers to stm32l4xx_ll_utils.o(i.UTILS_PLL_IsBusy) for UTILS_PLL_IsBusy
    stm32l4xx_ll_utils.o(i.LL_PLL_ConfigSystemClock_HSI) refers to stm32l4xx_ll_utils.o(i.UTILS_GetPLLOutputFrequency) for UTILS_GetPLLOutputFrequency
    stm32l4xx_ll_utils.o(i.LL_PLL_ConfigSystemClock_HSI) refers to stm32l4xx_ll_utils.o(i.LL_RCC_PLL_ConfigDomain_SYS) for LL_RCC_PLL_ConfigDomain_SYS
    stm32l4xx_ll_utils.o(i.LL_PLL_ConfigSystemClock_HSI) refers to stm32l4xx_ll_utils.o(i.UTILS_EnablePLLAndSwitchSystem) for UTILS_EnablePLLAndSwitchSystem
    stm32l4xx_ll_utils.o(i.LL_PLL_ConfigSystemClock_MSI) refers to stm32l4xx_ll_utils.o(i.UTILS_PLL_IsBusy) for UTILS_PLL_IsBusy
    stm32l4xx_ll_utils.o(i.LL_PLL_ConfigSystemClock_MSI) refers to stm32l4xx_ll_utils.o(i.UTILS_GetPLLOutputFrequency) for UTILS_GetPLLOutputFrequency
    stm32l4xx_ll_utils.o(i.LL_PLL_ConfigSystemClock_MSI) refers to stm32l4xx_ll_utils.o(i.LL_RCC_PLL_ConfigDomain_SYS) for LL_RCC_PLL_ConfigDomain_SYS
    stm32l4xx_ll_utils.o(i.LL_PLL_ConfigSystemClock_MSI) refers to stm32l4xx_ll_utils.o(i.UTILS_EnablePLLAndSwitchSystem) for UTILS_EnablePLLAndSwitchSystem
    stm32l4xx_ll_utils.o(i.LL_PLL_ConfigSystemClock_MSI) refers to system_stm32l4xx.o(.constdata) for MSIRangeTable
    stm32l4xx_ll_utils.o(i.LL_SetSystemCoreClock) refers to system_stm32l4xx.o(.data) for SystemCoreClock
    stm32l4xx_ll_utils.o(i.UTILS_EnablePLLAndSwitchSystem) refers to stm32l4xx_ll_utils.o(i.UTILS_SetFlashLatency) for UTILS_SetFlashLatency
    stm32l4xx_ll_utils.o(i.UTILS_EnablePLLAndSwitchSystem) refers to system_stm32l4xx.o(.constdata) for AHBPrescTable
    stm32l4xx_ll_utils.o(i.UTILS_EnablePLLAndSwitchSystem) refers to system_stm32l4xx.o(.data) for SystemCoreClock
    startup_stm32l4q5xx.o(RESET) refers to startup_stm32l4q5xx.o(STACK) for __initial_sp
    startup_stm32l4q5xx.o(RESET) refers to startup_stm32l4q5xx.o(.text) for Reset_Handler
    startup_stm32l4q5xx.o(RESET) refers to stm32l4xx_it.o(i.NMI_Handler) for NMI_Handler
    startup_stm32l4q5xx.o(RESET) refers to stm32l4xx_it.o(i.HardFault_Handler) for HardFault_Handler
    startup_stm32l4q5xx.o(RESET) refers to stm32l4xx_it.o(i.MemManage_Handler) for MemManage_Handler
    startup_stm32l4q5xx.o(RESET) refers to stm32l4xx_it.o(i.BusFault_Handler) for BusFault_Handler
    startup_stm32l4q5xx.o(RESET) refers to stm32l4xx_it.o(i.UsageFault_Handler) for UsageFault_Handler
    startup_stm32l4q5xx.o(RESET) refers to stm32l4xx_it.o(i.SVC_Handler) for SVC_Handler
    startup_stm32l4q5xx.o(RESET) refers to stm32l4xx_it.o(i.DebugMon_Handler) for DebugMon_Handler
    startup_stm32l4q5xx.o(RESET) refers to stm32l4xx_it.o(i.PendSV_Handler) for PendSV_Handler
    startup_stm32l4q5xx.o(RESET) refers to stm32l4xx_it.o(i.SysTick_Handler) for SysTick_Handler
    startup_stm32l4q5xx.o(RESET) refers to stm32l4xx_it.o(i.PKA_IRQHandler) for PKA_IRQHandler
    startup_stm32l4q5xx.o(.text) refers to system_stm32l4xx.o(i.SystemInit) for SystemInit
    startup_stm32l4q5xx.o(.text) refers to entry.o(.ARM.Collect$$$$00000000) for __main
    main.o(i.Configure_PKA) refers to main.o(i.LL_AHB2_GRP1_EnableClock) for LL_AHB2_GRP1_EnableClock
    main.o(i.LED_Blinking) refers to stm32l4xx_ll_utils.o(i.LL_mDelay) for LL_mDelay
    main.o(i.LED_Init) refers to main.o(i.LL_AHB2_GRP1_EnableClock) for LL_AHB2_GRP1_EnableClock
    main.o(i.PKA_ERROR_callback) refers to main.o(i.LED_Blinking) for LED_Blinking
    main.o(i.PKA_PROCEND_callback) refers to main.o(.data) for .data
    main.o(i.PKA_load_ciphering_parameter) refers to main.o(i.PKA_Memcpy_u8_to_u32) for PKA_Memcpy_u8_to_u32
    main.o(i.PKA_load_ciphering_parameter) refers to rsa_pub_2048_1.o(.constdata) for rsa_pub_2048_modulus_len
    main.o(i.PKA_load_ciphering_parameter) refers to rsa_pub_2048_1.o(.constdata) for rsa_pub_2048_publicExponent_len
    main.o(i.PKA_load_ciphering_parameter) refers to plaintext_1.o(.constdata) for plaintext_bin
    main.o(i.PKA_load_ciphering_parameter) refers to rsa_pub_2048_1.o(.constdata) for rsa_pub_2048_publicExponent
    main.o(i.PKA_load_ciphering_parameter) refers to rsa_pub_2048_1.o(.constdata) for rsa_pub_2048_modulus
    main.o(i.PKA_load_unciphering_parameter) refers to main.o(i.PKA_Memcpy_u8_to_u32) for PKA_Memcpy_u8_to_u32
    main.o(i.PKA_load_unciphering_parameter) refers to rsa_pub_2048_1.o(.constdata) for rsa_pub_2048_modulus_len
    main.o(i.PKA_load_unciphering_parameter) refers to rsa_priv_2048_1.o(.constdata) for rsa_priv_2048_privateExponent_len
    main.o(i.PKA_load_unciphering_parameter) refers to ciphertext_1.o(.constdata) for ciphertext_bin
    main.o(i.PKA_load_unciphering_parameter) refers to rsa_priv_2048_1.o(.constdata) for rsa_priv_2048_privateExponent
    main.o(i.PKA_load_unciphering_parameter) refers to rsa_priv_2048_1.o(.constdata) for rsa_priv_2048_modulus
    main.o(i.SystemClock_Config) refers to main.o(i.LL_RCC_SetAHBPrescaler) for LL_RCC_SetAHBPrescaler
    main.o(i.SystemClock_Config) refers to stm32l4xx_ll_utils.o(i.LL_Init1msTick) for LL_Init1msTick
    main.o(i.SystemClock_Config) refers to stm32l4xx_ll_utils.o(i.LL_SetSystemCoreClock) for LL_SetSystemCoreClock
    main.o(i.main) refers to main.o(i.SystemClock_Config) for SystemClock_Config
    main.o(i.main) refers to main.o(i.LED_Init) for LED_Init
    main.o(i.main) refers to main.o(i.Configure_PKA) for Configure_PKA
    main.o(i.main) refers to main.o(i.PKA_load_ciphering_parameter) for PKA_load_ciphering_parameter
    main.o(i.main) refers to main.o(i.PKA_Memcpy_u32_to_u8) for PKA_Memcpy_u32_to_u8
    main.o(i.main) refers to main.o(i.Buffercmp) for Buffercmp
    main.o(i.main) refers to main.o(i.PKA_load_unciphering_parameter) for PKA_load_unciphering_parameter
    main.o(i.main) refers to main.o(i.LED_Blinking) for LED_Blinking
    main.o(i.main) refers to main.o(.data) for .data
    main.o(i.main) refers to rsa_pub_2048_1.o(.constdata) for rsa_pub_2048_modulus_len
    main.o(i.main) refers to main.o(.bss) for .bss
    main.o(i.main) refers to ciphertext_1.o(.constdata) for ciphertext_bin_len
    main.o(i.main) refers to ciphertext_1.o(.constdata) for ciphertext_bin
    main.o(i.main) refers to plaintext_1.o(.constdata) for plaintext_bin_len
    main.o(i.main) refers to plaintext_1.o(.constdata) for plaintext_bin
    stm32l4xx_it.o(i.PKA_IRQHandler) refers to main.o(i.PKA_ERROR_callback) for PKA_ERROR_callback
    stm32l4xx_it.o(i.PKA_IRQHandler) refers to main.o(i.PKA_PROCEND_callback) for PKA_PROCEND_callback
    entry.o(.ARM.Collect$$$$00000000) refers (Special) to entry10a.o(.ARM.Collect$$$$0000000D) for __rt_final_cpp
    entry.o(.ARM.Collect$$$$00000000) refers (Special) to entry11a.o(.ARM.Collect$$$$0000000F) for __rt_final_exit
    entry.o(.ARM.Collect$$$$00000000) refers (Special) to entry7b.o(.ARM.Collect$$$$00000008) for _main_clock
    entry.o(.ARM.Collect$$$$00000000) refers (Special) to entry8b.o(.ARM.Collect$$$$0000000A) for _main_cpp_init
    entry.o(.ARM.Collect$$$$00000000) refers (Special) to entry9a.o(.ARM.Collect$$$$0000000B) for _main_init
    entry.o(.ARM.Collect$$$$00000000) refers (Special) to entry5.o(.ARM.Collect$$$$00000004) for _main_scatterload
    entry.o(.ARM.Collect$$$$00000000) refers (Special) to entry2.o(.ARM.Collect$$$$00000001) for _main_stk
    entry2.o(.ARM.Collect$$$$00000001) refers to entry2.o(.ARM.Collect$$$$00002712) for __lit__00000000
    entry2.o(.ARM.Collect$$$$00002712) refers to startup_stm32l4q5xx.o(STACK) for __initial_sp
    entry2.o(__vectab_stack_and_reset_area) refers to startup_stm32l4q5xx.o(STACK) for __initial_sp
    entry2.o(__vectab_stack_and_reset_area) refers to entry.o(.ARM.Collect$$$$00000000) for __main
    entry5.o(.ARM.Collect$$$$00000004) refers to init.o(.text) for __scatterload
    entry9a.o(.ARM.Collect$$$$0000000B) refers to main.o(i.main) for main
    entry9b.o(.ARM.Collect$$$$0000000C) refers to main.o(i.main) for main
    init.o(.text) refers to entry5.o(.ARM.Collect$$$$00000004) for __main_after_scatterload


==============================================================================

Removing Unused input sections from the image.

    Removing system_stm32l4xx.o(.rev16_text), (4 bytes).
    Removing system_stm32l4xx.o(.revsh_text), (4 bytes).
    Removing system_stm32l4xx.o(.rrx_text), (6 bytes).
    Removing system_stm32l4xx.o(i.SystemCoreClockUpdate), (168 bytes).
    Removing system_stm32l4xx.o(.constdata), (64 bytes).
    Removing system_stm32l4xx.o(.constdata), (8 bytes).
    Removing stm32l4xx_ll_utils.o(.rev16_text), (4 bytes).
    Removing stm32l4xx_ll_utils.o(.revsh_text), (4 bytes).
    Removing stm32l4xx_ll_utils.o(.rrx_text), (6 bytes).
    Removing stm32l4xx_ll_utils.o(i.LL_PLL_ConfigSystemClock_HSE), (108 bytes).
    Removing stm32l4xx_ll_utils.o(i.LL_PLL_ConfigSystemClock_HSI), (84 bytes).
    Removing stm32l4xx_ll_utils.o(i.LL_PLL_ConfigSystemClock_MSI), (160 bytes).
    Removing stm32l4xx_ll_utils.o(i.LL_RCC_PLL_ConfigDomain_SYS), (32 bytes).
    Removing stm32l4xx_ll_utils.o(i.UTILS_EnablePLLAndSwitchSystem), (152 bytes).
    Removing stm32l4xx_ll_utils.o(i.UTILS_GetPLLOutputFrequency), (34 bytes).
    Removing stm32l4xx_ll_utils.o(i.UTILS_PLL_IsBusy), (44 bytes).
    Removing stm32l4xx_ll_utils.o(i.UTILS_SetFlashLatency), (136 bytes).
    Removing startup_stm32l4q5xx.o(HEAP), (512 bytes).
    Removing ciphertext_1.o(.rev16_text), (4 bytes).
    Removing ciphertext_1.o(.revsh_text), (4 bytes).
    Removing ciphertext_1.o(.rrx_text), (6 bytes).
    Removing main.o(.rev16_text), (4 bytes).
    Removing main.o(.revsh_text), (4 bytes).
    Removing main.o(.rrx_text), (6 bytes).
    Removing main.o(i.LED_On), (12 bytes).
    Removing plaintext_1.o(.rev16_text), (4 bytes).
    Removing plaintext_1.o(.revsh_text), (4 bytes).
    Removing plaintext_1.o(.rrx_text), (6 bytes).
    Removing rsa_priv_2048_1.o(.rev16_text), (4 bytes).
    Removing rsa_priv_2048_1.o(.revsh_text), (4 bytes).
    Removing rsa_priv_2048_1.o(.rrx_text), (6 bytes).
    Removing rsa_priv_2048_1.o(.constdata), (4 bytes).
    Removing rsa_priv_2048_1.o(.constdata), (4 bytes).
    Removing rsa_priv_2048_1.o(.constdata), (128 bytes).
    Removing rsa_priv_2048_1.o(.constdata), (4 bytes).
    Removing rsa_priv_2048_1.o(.constdata), (128 bytes).
    Removing rsa_priv_2048_1.o(.constdata), (4 bytes).
    Removing rsa_priv_2048_1.o(.constdata), (128 bytes).
    Removing rsa_priv_2048_1.o(.constdata), (4 bytes).
    Removing rsa_priv_2048_1.o(.constdata), (128 bytes).
    Removing rsa_priv_2048_1.o(.constdata), (4 bytes).
    Removing rsa_priv_2048_1.o(.constdata), (128 bytes).
    Removing rsa_priv_2048_1.o(.constdata), (4 bytes).
    Removing rsa_pub_2048_1.o(.rev16_text), (4 bytes).
    Removing rsa_pub_2048_1.o(.revsh_text), (4 bytes).
    Removing rsa_pub_2048_1.o(.rrx_text), (6 bytes).
    Removing stm32l4xx_it.o(.rev16_text), (4 bytes).
    Removing stm32l4xx_it.o(.revsh_text), (4 bytes).
    Removing stm32l4xx_it.o(.rrx_text), (6 bytes).

49 unused section(s) (total 2294 bytes) removed from the image.

==============================================================================

Image Symbol Table

    Local Symbols

    Symbol Name                              Value     Ov Type        Size  Object(Section)

    ../../../../../../Drivers/STM32L4xx_HAL_Driver/Src/stm32l4xx_ll_utils.c 0x00000000   Number         0  stm32l4xx_ll_utils.o ABSOLUTE
    ../Src/ciphertext.c                      0x00000000   Number         0  ciphertext_1.o ABSOLUTE
    ../Src/main.c                            0x00000000   Number         0  main.o ABSOLUTE
    ../Src/plaintext.c                       0x00000000   Number         0  plaintext_1.o ABSOLUTE
    ../Src/rsa_priv_2048.c                   0x00000000   Number         0  rsa_priv_2048_1.o ABSOLUTE
    ../Src/rsa_pub_2048.c                    0x00000000   Number         0  rsa_pub_2048_1.o ABSOLUTE
    ../Src/stm32l4xx_it.c                    0x00000000   Number         0  stm32l4xx_it.o ABSOLUTE
    ../Src/system_stm32l4xx.c                0x00000000   Number         0  system_stm32l4xx.o ABSOLUTE
    ../clib/microlib/init/entry.s            0x00000000   Number         0  entry10a.o ABSOLUTE
    ../clib/microlib/init/entry.s            0x00000000   Number         0  entry5.o ABSOLUTE
    ../clib/microlib/init/entry.s            0x00000000   Number         0  entry7a.o ABSOLUTE
    ../clib/microlib/init/entry.s            0x00000000   Number         0  entry7b.o ABSOLUTE
    ../clib/microlib/init/entry.s            0x00000000   Number         0  entry8a.o ABSOLUTE
    ../clib/microlib/init/entry.s            0x00000000   Number         0  entry11b.o ABSOLUTE
    ../clib/microlib/init/entry.s            0x00000000   Number         0  entry8b.o ABSOLUTE
    ../clib/microlib/init/entry.s            0x00000000   Number         0  entry11a.o ABSOLUTE
    ../clib/microlib/init/entry.s            0x00000000   Number         0  entry10b.o ABSOLUTE
    ../clib/microlib/init/entry.s            0x00000000   Number         0  entry9a.o ABSOLUTE
    ../clib/microlib/init/entry.s            0x00000000   Number         0  entry9b.o ABSOLUTE
    ../clib/microlib/init/entry.s            0x00000000   Number         0  entry2.o ABSOLUTE
    ../clib/microlib/init/entry.s            0x00000000   Number         0  entry.o ABSOLUTE
    ..\..\..\..\..\..\Drivers\STM32L4xx_HAL_Driver\Src\stm32l4xx_ll_utils.c 0x00000000   Number         0  stm32l4xx_ll_utils.o ABSOLUTE
    ..\Src\ciphertext.c                      0x00000000   Number         0  ciphertext_1.o ABSOLUTE
    ..\Src\main.c                            0x00000000   Number         0  main.o ABSOLUTE
    ..\Src\plaintext.c                       0x00000000   Number         0  plaintext_1.o ABSOLUTE
    ..\Src\rsa_priv_2048.c                   0x00000000   Number         0  rsa_priv_2048_1.o ABSOLUTE
    ..\Src\rsa_pub_2048.c                    0x00000000   Number         0  rsa_pub_2048_1.o ABSOLUTE
    ..\Src\stm32l4xx_it.c                    0x00000000   Number         0  stm32l4xx_it.o ABSOLUTE
    ..\Src\system_stm32l4xx.c                0x00000000   Number         0  system_stm32l4xx.o ABSOLUTE
    dc.s                                     0x00000000   Number         0  dc.o ABSOLUTE
    handlers.s                               0x00000000   Number         0  handlers.o ABSOLUTE
    init.s                                   0x00000000   Number         0  init.o ABSOLUTE
    startup_stm32l4q5xx.s                    0x00000000   Number         0  startup_stm32l4q5xx.o ABSOLUTE
    RESET                                    0x08000000   Section      444  startup_stm32l4q5xx.o(RESET)
    .ARM.Collect$$$$00000000                 0x080001bc   Section        0  entry.o(.ARM.Collect$$$$00000000)
    .ARM.Collect$$$$00000001                 0x080001bc   Section        4  entry2.o(.ARM.Collect$$$$00000001)
    .ARM.Collect$$$$00000004                 0x080001c0   Section        4  entry5.o(.ARM.Collect$$$$00000004)
    .ARM.Collect$$$$00000008                 0x080001c4   Section        0  entry7b.o(.ARM.Collect$$$$00000008)
    .ARM.Collect$$$$0000000A                 0x080001c4   Section        0  entry8b.o(.ARM.Collect$$$$0000000A)
    .ARM.Collect$$$$0000000B                 0x080001c4   Section        8  entry9a.o(.ARM.Collect$$$$0000000B)
    .ARM.Collect$$$$0000000D                 0x080001cc   Section        0  entry10a.o(.ARM.Collect$$$$0000000D)
    .ARM.Collect$$$$0000000F                 0x080001cc   Section        0  entry11a.o(.ARM.Collect$$$$0000000F)
    .ARM.Collect$$$$00002712                 0x080001cc   Section        4  entry2.o(.ARM.Collect$$$$00002712)
    __lit__00000000                          0x080001cc   Data           4  entry2.o(.ARM.Collect$$$$00002712)
    .text                                    0x080001d0   Section       36  startup_stm32l4q5xx.o(.text)
    $v0                                      0x080001d0   Number         0  startup_stm32l4q5xx.o(.text)
    .text                                    0x080001f4   Section       36  init.o(.text)
    i.Buffercmp                              0x08000218   Section        0  main.o(i.Buffercmp)
    Buffercmp                                0x08000219   Thumb Code    28  main.o(i.Buffercmp)
    i.BusFault_Handler                       0x08000234   Section        0  stm32l4xx_it.o(i.BusFault_Handler)
    i.Configure_PKA                          0x08000238   Section        0  main.o(i.Configure_PKA)
    i.DebugMon_Handler                       0x0800025c   Section        0  stm32l4xx_it.o(i.DebugMon_Handler)
    i.HardFault_Handler                      0x0800025e   Section        0  stm32l4xx_it.o(i.HardFault_Handler)
    i.LED_Blinking                           0x08000260   Section        0  main.o(i.LED_Blinking)
    i.LED_Init                               0x08000278   Section        0  main.o(i.LED_Init)
    i.LL_AHB2_GRP1_EnableClock               0x080002b0   Section        0  main.o(i.LL_AHB2_GRP1_EnableClock)
    LL_AHB2_GRP1_EnableClock                 0x080002b1   Thumb Code    18  main.o(i.LL_AHB2_GRP1_EnableClock)
    i.LL_Init1msTick                         0x080002c8   Section        0  stm32l4xx_ll_utils.o(i.LL_Init1msTick)
    i.LL_RCC_SetAHBPrescaler                 0x080002e4   Section        0  main.o(i.LL_RCC_SetAHBPrescaler)
    LL_RCC_SetAHBPrescaler                   0x080002e5   Thumb Code    14  main.o(i.LL_RCC_SetAHBPrescaler)
    i.LL_SetSystemCoreClock                  0x080002f8   Section        0  stm32l4xx_ll_utils.o(i.LL_SetSystemCoreClock)
    i.LL_mDelay                              0x08000304   Section        0  stm32l4xx_ll_utils.o(i.LL_mDelay)
    i.MemManage_Handler                      0x08000322   Section        0  stm32l4xx_it.o(i.MemManage_Handler)
    i.NMI_Handler                            0x08000324   Section        0  stm32l4xx_it.o(i.NMI_Handler)
    i.PKA_ERROR_callback                     0x08000326   Section        0  main.o(i.PKA_ERROR_callback)
    i.PKA_IRQHandler                         0x08000330   Section        0  stm32l4xx_it.o(i.PKA_IRQHandler)
    i.PKA_Memcpy_u32_to_u8                   0x0800037c   Section        0  main.o(i.PKA_Memcpy_u32_to_u8)
    i.PKA_Memcpy_u8_to_u32                   0x080003a0   Section        0  main.o(i.PKA_Memcpy_u8_to_u32)
    i.PKA_PROCEND_callback                   0x080003c8   Section        0  main.o(i.PKA_PROCEND_callback)
    i.PKA_load_ciphering_parameter           0x080003d4   Section        0  main.o(i.PKA_load_ciphering_parameter)
    i.PKA_load_unciphering_parameter         0x0800045c   Section        0  main.o(i.PKA_load_unciphering_parameter)
    i.PendSV_Handler                         0x080004e4   Section        0  stm32l4xx_it.o(i.PendSV_Handler)
    i.SVC_Handler                            0x080004e6   Section        0  stm32l4xx_it.o(i.SVC_Handler)
    i.SysTick_Handler                        0x080004e8   Section        0  stm32l4xx_it.o(i.SysTick_Handler)
    i.SystemClock_Config                     0x080004ec   Section        0  main.o(i.SystemClock_Config)
    i.SystemInit                             0x080005c4   Section        0  system_stm32l4xx.o(i.SystemInit)
    i.UsageFault_Handler                     0x08000608   Section        0  stm32l4xx_it.o(i.UsageFault_Handler)
    i.__scatterload_copy                     0x0800060a   Section       14  handlers.o(i.__scatterload_copy)
    i.__scatterload_null                     0x08000618   Section        2  handlers.o(i.__scatterload_null)
    i.__scatterload_zeroinit                 0x0800061a   Section       14  handlers.o(i.__scatterload_zeroinit)
    i.main                                   0x08000628   Section        0  main.o(i.main)
    .constdata                               0x08000700   Section      256  ciphertext_1.o(.constdata)
    .constdata                               0x08000800   Section        4  ciphertext_1.o(.constdata)
    .constdata                               0x08000804   Section      256  plaintext_1.o(.constdata)
    .constdata                               0x08000904   Section        4  plaintext_1.o(.constdata)
    .constdata                               0x08000908   Section      256  rsa_priv_2048_1.o(.constdata)
    .constdata                               0x08000a08   Section      256  rsa_priv_2048_1.o(.constdata)
    .constdata                               0x08000b08   Section        4  rsa_priv_2048_1.o(.constdata)
    .constdata                               0x08000b0c   Section      256  rsa_pub_2048_1.o(.constdata)
    .constdata                               0x08000c0c   Section        4  rsa_pub_2048_1.o(.constdata)
    .constdata                               0x08000c10   Section        4  rsa_pub_2048_1.o(.constdata)
    .constdata                               0x08000c14   Section        4  rsa_pub_2048_1.o(.constdata)
    .data                                    0x20000000   Section        4  system_stm32l4xx.o(.data)
    .data                                    0x20000004   Section        4  main.o(.data)
    .bss                                     0x20000008   Section      256  main.o(.bss)
    STACK                                    0x20000108   Section     1024  startup_stm32l4q5xx.o(STACK)

    Global Symbols

    Symbol Name                              Value     Ov Type        Size  Object(Section)

    BuildAttributes$$THM_ISAv4$E$P$D$K$B$S$7EM$VFPi3$EXTD16$VFPS$VFMA$PE$A:L22UL41UL21$X:L11$S22US41US21$IEEE1$IW$USESV6$~STKCKD$USESV7$~SHL$OSPACE$EBA8$MICROLIB$REQ8$PRES8$EABIv2 0x00000000   Number         0  anon$$obj.o ABSOLUTE
    __ARM_use_no_argv                        0x00000000   Number         0  main.o ABSOLUTE
    __cpp_initialize__aeabi_                  - Undefined Weak Reference
    __cxa_finalize                            - Undefined Weak Reference
    __decompress                              - Undefined Weak Reference
    _clock_init                               - Undefined Weak Reference
    _microlib_exit                            - Undefined Weak Reference
    __Vectors_Size                           0x000001bc   Number         0  startup_stm32l4q5xx.o ABSOLUTE
    __Vectors                                0x08000000   Data           4  startup_stm32l4q5xx.o(RESET)
    __Vectors_End                            0x080001bc   Data           0  startup_stm32l4q5xx.o(RESET)
    __main                                   0x080001bd   Thumb Code     0  entry.o(.ARM.Collect$$$$00000000)
    _main_stk                                0x080001bd   Thumb Code     0  entry2.o(.ARM.Collect$$$$00000001)
    _main_scatterload                        0x080001c1   Thumb Code     0  entry5.o(.ARM.Collect$$$$00000004)
    __main_after_scatterload                 0x080001c5   Thumb Code     0  entry5.o(.ARM.Collect$$$$00000004)
    _main_clock                              0x080001c5   Thumb Code     0  entry7b.o(.ARM.Collect$$$$00000008)
    _main_cpp_init                           0x080001c5   Thumb Code     0  entry8b.o(.ARM.Collect$$$$0000000A)
    _main_init                               0x080001c5   Thumb Code     0  entry9a.o(.ARM.Collect$$$$0000000B)
    __rt_final_cpp                           0x080001cd   Thumb Code     0  entry10a.o(.ARM.Collect$$$$0000000D)
    __rt_final_exit                          0x080001cd   Thumb Code     0  entry11a.o(.ARM.Collect$$$$0000000F)
    Reset_Handler                            0x080001d1   Thumb Code     8  startup_stm32l4q5xx.o(.text)
    ADC1_2_IRQHandler                        0x080001eb   Thumb Code     0  startup_stm32l4q5xx.o(.text)
    AES_IRQHandler                           0x080001eb   Thumb Code     0  startup_stm32l4q5xx.o(.text)
    CAN1_RX0_IRQHandler                      0x080001eb   Thumb Code     0  startup_stm32l4q5xx.o(.text)
    CAN1_RX1_IRQHandler                      0x080001eb   Thumb Code     0  startup_stm32l4q5xx.o(.text)
    CAN1_SCE_IRQHandler                      0x080001eb   Thumb Code     0  startup_stm32l4q5xx.o(.text)
    CAN1_TX_IRQHandler                       0x080001eb   Thumb Code     0  startup_stm32l4q5xx.o(.text)
    COMP_IRQHandler                          0x080001eb   Thumb Code     0  startup_stm32l4q5xx.o(.text)
    DCMI_PSSI_IRQHandler                     0x080001eb   Thumb Code     0  startup_stm32l4q5xx.o(.text)
    DFSDM1_FLT0_IRQHandler                   0x080001eb   Thumb Code     0  startup_stm32l4q5xx.o(.text)
    DFSDM1_FLT1_IRQHandler                   0x080001eb   Thumb Code     0  startup_stm32l4q5xx.o(.text)
    DMA1_Channel1_IRQHandler                 0x080001eb   Thumb Code     0  startup_stm32l4q5xx.o(.text)
    DMA1_Channel2_IRQHandler                 0x080001eb   Thumb Code     0  startup_stm32l4q5xx.o(.text)
    DMA1_Channel3_IRQHandler                 0x080001eb   Thumb Code     0  startup_stm32l4q5xx.o(.text)
    DMA1_Channel4_IRQHandler                 0x080001eb   Thumb Code     0  startup_stm32l4q5xx.o(.text)
    DMA1_Channel5_IRQHandler                 0x080001eb   Thumb Code     0  startup_stm32l4q5xx.o(.text)
    DMA1_Channel6_IRQHandler                 0x080001eb   Thumb Code     0  startup_stm32l4q5xx.o(.text)
    DMA1_Channel7_IRQHandler                 0x080001eb   Thumb Code     0  startup_stm32l4q5xx.o(.text)
    DMA2D_IRQHandler                         0x080001eb   Thumb Code     0  startup_stm32l4q5xx.o(.text)
    DMA2_Channel1_IRQHandler                 0x080001eb   Thumb Code     0  startup_stm32l4q5xx.o(.text)
    DMA2_Channel2_IRQHandler                 0x080001eb   Thumb Code     0  startup_stm32l4q5xx.o(.text)
    DMA2_Channel3_IRQHandler                 0x080001eb   Thumb Code     0  startup_stm32l4q5xx.o(.text)
    DMA2_Channel4_IRQHandler                 0x080001eb   Thumb Code     0  startup_stm32l4q5xx.o(.text)
    DMA2_Channel5_IRQHandler                 0x080001eb   Thumb Code     0  startup_stm32l4q5xx.o(.text)
    DMA2_Channel6_IRQHandler                 0x080001eb   Thumb Code     0  startup_stm32l4q5xx.o(.text)
    DMA2_Channel7_IRQHandler                 0x080001eb   Thumb Code     0  startup_stm32l4q5xx.o(.text)
    DMAMUX1_OVR_IRQHandler                   0x080001eb   Thumb Code     0  startup_stm32l4q5xx.o(.text)
    EXTI0_IRQHandler                         0x080001eb   Thumb Code     0  startup_stm32l4q5xx.o(.text)
    EXTI15_10_IRQHandler                     0x080001eb   Thumb Code     0  startup_stm32l4q5xx.o(.text)
    EXTI1_IRQHandler                         0x080001eb   Thumb Code     0  startup_stm32l4q5xx.o(.text)
    EXTI2_IRQHandler                         0x080001eb   Thumb Code     0  startup_stm32l4q5xx.o(.text)
    EXTI3_IRQHandler                         0x080001eb   Thumb Code     0  startup_stm32l4q5xx.o(.text)
    EXTI4_IRQHandler                         0x080001eb   Thumb Code     0  startup_stm32l4q5xx.o(.text)
    EXTI9_5_IRQHandler                       0x080001eb   Thumb Code     0  startup_stm32l4q5xx.o(.text)
    FLASH_IRQHandler                         0x080001eb   Thumb Code     0  startup_stm32l4q5xx.o(.text)
    FMC_IRQHandler                           0x080001eb   Thumb Code     0  startup_stm32l4q5xx.o(.text)
    FPU_IRQHandler                           0x080001eb   Thumb Code     0  startup_stm32l4q5xx.o(.text)
    HASH_CRS_IRQHandler                      0x080001eb   Thumb Code     0  startup_stm32l4q5xx.o(.text)
    I2C1_ER_IRQHandler                       0x080001eb   Thumb Code     0  startup_stm32l4q5xx.o(.text)
    I2C1_EV_IRQHandler                       0x080001eb   Thumb Code     0  startup_stm32l4q5xx.o(.text)
    I2C2_ER_IRQHandler                       0x080001eb   Thumb Code     0  startup_stm32l4q5xx.o(.text)
    I2C2_EV_IRQHandler                       0x080001eb   Thumb Code     0  startup_stm32l4q5xx.o(.text)
    I2C3_ER_IRQHandler                       0x080001eb   Thumb Code     0  startup_stm32l4q5xx.o(.text)
    I2C3_EV_IRQHandler                       0x080001eb   Thumb Code     0  startup_stm32l4q5xx.o(.text)
    I2C4_ER_IRQHandler                       0x080001eb   Thumb Code     0  startup_stm32l4q5xx.o(.text)
    I2C4_EV_IRQHandler                       0x080001eb   Thumb Code     0  startup_stm32l4q5xx.o(.text)
    LPTIM1_IRQHandler                        0x080001eb   Thumb Code     0  startup_stm32l4q5xx.o(.text)
    LPTIM2_IRQHandler                        0x080001eb   Thumb Code     0  startup_stm32l4q5xx.o(.text)
    LPUART1_IRQHandler                       0x080001eb   Thumb Code     0  startup_stm32l4q5xx.o(.text)
    LTDC_ER_IRQHandler                       0x080001eb   Thumb Code     0  startup_stm32l4q5xx.o(.text)
    LTDC_IRQHandler                          0x080001eb   Thumb Code     0  startup_stm32l4q5xx.o(.text)
    OCTOSPI1_IRQHandler                      0x080001eb   Thumb Code     0  startup_stm32l4q5xx.o(.text)
    OCTOSPI2_IRQHandler                      0x080001eb   Thumb Code     0  startup_stm32l4q5xx.o(.text)
    OTG_FS_IRQHandler                        0x080001eb   Thumb Code     0  startup_stm32l4q5xx.o(.text)
    PVD_PVM_IRQHandler                       0x080001eb   Thumb Code     0  startup_stm32l4q5xx.o(.text)
    RCC_IRQHandler                           0x080001eb   Thumb Code     0  startup_stm32l4q5xx.o(.text)
    RNG_IRQHandler                           0x080001eb   Thumb Code     0  startup_stm32l4q5xx.o(.text)
    RTC_Alarm_IRQHandler                     0x080001eb   Thumb Code     0  startup_stm32l4q5xx.o(.text)
    RTC_WKUP_IRQHandler                      0x080001eb   Thumb Code     0  startup_stm32l4q5xx.o(.text)
    SAI1_IRQHandler                          0x080001eb   Thumb Code     0  startup_stm32l4q5xx.o(.text)
    SAI2_IRQHandler                          0x080001eb   Thumb Code     0  startup_stm32l4q5xx.o(.text)
    SDMMC1_IRQHandler                        0x080001eb   Thumb Code     0  startup_stm32l4q5xx.o(.text)
    SDMMC2_IRQHandler                        0x080001eb   Thumb Code     0  startup_stm32l4q5xx.o(.text)
    SPI1_IRQHandler                          0x080001eb   Thumb Code     0  startup_stm32l4q5xx.o(.text)
    SPI2_IRQHandler                          0x080001eb   Thumb Code     0  startup_stm32l4q5xx.o(.text)
    SPI3_IRQHandler                          0x080001eb   Thumb Code     0  startup_stm32l4q5xx.o(.text)
    TAMP_STAMP_IRQHandler                    0x080001eb   Thumb Code     0  startup_stm32l4q5xx.o(.text)
    TIM1_BRK_TIM15_IRQHandler                0x080001eb   Thumb Code     0  startup_stm32l4q5xx.o(.text)
    TIM1_CC_IRQHandler                       0x080001eb   Thumb Code     0  startup_stm32l4q5xx.o(.text)
    TIM1_TRG_COM_TIM17_IRQHandler            0x080001eb   Thumb Code     0  startup_stm32l4q5xx.o(.text)
    TIM1_UP_TIM16_IRQHandler                 0x080001eb   Thumb Code     0  startup_stm32l4q5xx.o(.text)
    TIM2_IRQHandler                          0x080001eb   Thumb Code     0  startup_stm32l4q5xx.o(.text)
    TIM3_IRQHandler                          0x080001eb   Thumb Code     0  startup_stm32l4q5xx.o(.text)
    TIM4_IRQHandler                          0x080001eb   Thumb Code     0  startup_stm32l4q5xx.o(.text)
    TIM5_IRQHandler                          0x080001eb   Thumb Code     0  startup_stm32l4q5xx.o(.text)
    TIM6_DAC_IRQHandler                      0x080001eb   Thumb Code     0  startup_stm32l4q5xx.o(.text)
    TIM7_IRQHandler                          0x080001eb   Thumb Code     0  startup_stm32l4q5xx.o(.text)
    TIM8_BRK_IRQHandler                      0x080001eb   Thumb Code     0  startup_stm32l4q5xx.o(.text)
    TIM8_CC_IRQHandler                       0x080001eb   Thumb Code     0  startup_stm32l4q5xx.o(.text)
    TIM8_TRG_COM_IRQHandler                  0x080001eb   Thumb Code     0  startup_stm32l4q5xx.o(.text)
    TIM8_UP_IRQHandler                       0x080001eb   Thumb Code     0  startup_stm32l4q5xx.o(.text)
    TSC_IRQHandler                           0x080001eb   Thumb Code     0  startup_stm32l4q5xx.o(.text)
    UART4_IRQHandler                         0x080001eb   Thumb Code     0  startup_stm32l4q5xx.o(.text)
    UART5_IRQHandler                         0x080001eb   Thumb Code     0  startup_stm32l4q5xx.o(.text)
    USART1_IRQHandler                        0x080001eb   Thumb Code     0  startup_stm32l4q5xx.o(.text)
    USART2_IRQHandler                        0x080001eb   Thumb Code     0  startup_stm32l4q5xx.o(.text)
    USART3_IRQHandler                        0x080001eb   Thumb Code     0  startup_stm32l4q5xx.o(.text)
    WWDG_IRQHandler                          0x080001eb   Thumb Code     0  startup_stm32l4q5xx.o(.text)
    __scatterload                            0x080001f5   Thumb Code    28  init.o(.text)
    __scatterload_rt2                        0x080001f5   Thumb Code     0  init.o(.text)
    BusFault_Handler                         0x08000235   Thumb Code     2  stm32l4xx_it.o(i.BusFault_Handler)
    Configure_PKA                            0x08000239   Thumb Code    32  main.o(i.Configure_PKA)
    DebugMon_Handler                         0x0800025d   Thumb Code     2  stm32l4xx_it.o(i.DebugMon_Handler)
    HardFault_Handler                        0x0800025f   Thumb Code     2  stm32l4xx_it.o(i.HardFault_Handler)
    LED_Blinking                             0x08000261   Thumb Code    20  main.o(i.LED_Blinking)
    LED_Init                                 0x08000279   Thumb Code    50  main.o(i.LED_Init)
    LL_Init1msTick                           0x080002c9   Thumb Code    26  stm32l4xx_ll_utils.o(i.LL_Init1msTick)
    LL_SetSystemCoreClock                    0x080002f9   Thumb Code     6  stm32l4xx_ll_utils.o(i.LL_SetSystemCoreClock)
    LL_mDelay                                0x08000305   Thumb Code    30  stm32l4xx_ll_utils.o(i.LL_mDelay)
    MemManage_Handler                        0x08000323   Thumb Code     2  stm32l4xx_it.o(i.MemManage_Handler)
    NMI_Handler                              0x08000325   Thumb Code     2  stm32l4xx_it.o(i.NMI_Handler)
    PKA_ERROR_callback                       0x08000327   Thumb Code     8  main.o(i.PKA_ERROR_callback)
    PKA_IRQHandler                           0x08000331   Thumb Code    72  stm32l4xx_it.o(i.PKA_IRQHandler)
    PKA_Memcpy_u32_to_u8                     0x0800037d   Thumb Code    36  main.o(i.PKA_Memcpy_u32_to_u8)
    PKA_Memcpy_u8_to_u32                     0x080003a1   Thumb Code    40  main.o(i.PKA_Memcpy_u8_to_u32)
    PKA_PROCEND_callback                     0x080003c9   Thumb Code     8  main.o(i.PKA_PROCEND_callback)
    PKA_load_ciphering_parameter             0x080003d5   Thumb Code    96  main.o(i.PKA_load_ciphering_parameter)
    PKA_load_unciphering_parameter           0x0800045d   Thumb Code    96  main.o(i.PKA_load_unciphering_parameter)
    PendSV_Handler                           0x080004e5   Thumb Code     2  stm32l4xx_it.o(i.PendSV_Handler)
    SVC_Handler                              0x080004e7   Thumb Code     2  stm32l4xx_it.o(i.SVC_Handler)
    SysTick_Handler                          0x080004e9   Thumb Code     2  stm32l4xx_it.o(i.SysTick_Handler)
    SystemClock_Config                       0x080004ed   Thumb Code   188  main.o(i.SystemClock_Config)
    SystemInit                               0x080005c5   Thumb Code    56  system_stm32l4xx.o(i.SystemInit)
    UsageFault_Handler                       0x08000609   Thumb Code     2  stm32l4xx_it.o(i.UsageFault_Handler)
    __scatterload_copy                       0x0800060b   Thumb Code    14  handlers.o(i.__scatterload_copy)
    __scatterload_null                       0x08000619   Thumb Code     2  handlers.o(i.__scatterload_null)
    __scatterload_zeroinit                   0x0800061b   Thumb Code    14  handlers.o(i.__scatterload_zeroinit)
    main                                     0x08000629   Thumb Code   176  main.o(i.main)
    ciphertext_bin                           0x08000700   Data         256  ciphertext_1.o(.constdata)
    ciphertext_bin_len                       0x08000800   Data           4  ciphertext_1.o(.constdata)
    plaintext_bin                            0x08000804   Data         256  plaintext_1.o(.constdata)
    plaintext_bin_len                        0x08000904   Data           4  plaintext_1.o(.constdata)
    rsa_priv_2048_modulus                    0x08000908   Data         256  rsa_priv_2048_1.o(.constdata)
    rsa_priv_2048_privateExponent            0x08000a08   Data         256  rsa_priv_2048_1.o(.constdata)
    rsa_priv_2048_privateExponent_len        0x08000b08   Data           4  rsa_priv_2048_1.o(.constdata)
    rsa_pub_2048_modulus                     0x08000b0c   Data         256  rsa_pub_2048_1.o(.constdata)
    rsa_pub_2048_modulus_len                 0x08000c0c   Data           4  rsa_pub_2048_1.o(.constdata)
    rsa_pub_2048_publicExponent              0x08000c10   Data           4  rsa_pub_2048_1.o(.constdata)
    rsa_pub_2048_publicExponent_len          0x08000c14   Data           4  rsa_pub_2048_1.o(.constdata)
    Region$$Table$$Base                      0x08000c18   Number         0  anon$$obj.o(Region$$Table)
    Region$$Table$$Limit                     0x08000c38   Number         0  anon$$obj.o(Region$$Table)
    SystemCoreClock                          0x20000000   Data           4  system_stm32l4xx.o(.data)
    endOfProcess                             0x20000004   Data           4  main.o(.data)
    buffer                                   0x20000008   Data         256  main.o(.bss)
    __initial_sp                             0x20000508   Data           0  startup_stm32l4q5xx.o(STACK)



==============================================================================

Memory Map of the image

  Image Entry point : 0x080001bd

  Load Region LR_IROM1 (Base: 0x08000000, Size: 0x00000c40, Max: 0x00100000, ABSOLUTE)

    Execution Region ER_IROM1 (Exec base: 0x08000000, Load base: 0x08000000, Size: 0x00000c38, Max: 0x00100000, ABSOLUTE)

    Exec Addr    Load Addr    Size         Type   Attr      Idx    E Section Name        Object

    0x08000000   0x08000000   0x000001bc   Data   RO          164    RESET               startup_stm32l4q5xx.o
    0x080001bc   0x080001bc   0x00000000   Code   RO          536  * .ARM.Collect$$$$00000000  mc_w.l(entry.o)
    0x080001bc   0x080001bc   0x00000004   Code   RO          539    .ARM.Collect$$$$00000001  mc_w.l(entry2.o)
    0x080001c0   0x080001c0   0x00000004   Code   RO          542    .ARM.Collect$$$$00000004  mc_w.l(entry5.o)
    0x080001c4   0x080001c4   0x00000000   Code   RO          544    .ARM.Collect$$$$00000008  mc_w.l(entry7b.o)
    0x080001c4   0x080001c4   0x00000000   Code   RO          546    .ARM.Collect$$$$0000000A  mc_w.l(entry8b.o)
    0x080001c4   0x080001c4   0x00000008   Code   RO          547    .ARM.Collect$$$$0000000B  mc_w.l(entry9a.o)
    0x080001cc   0x080001cc   0x00000000   Code   RO          549    .ARM.Collect$$$$0000000D  mc_w.l(entry10a.o)
    0x080001cc   0x080001cc   0x00000000   Code   RO          551    .ARM.Collect$$$$0000000F  mc_w.l(entry11a.o)
    0x080001cc   0x080001cc   0x00000004   Code   RO          540    .ARM.Collect$$$$00002712  mc_w.l(entry2.o)
    0x080001d0   0x080001d0   0x00000024   Code   RO          165    .text               startup_stm32l4q5xx.o
    0x080001f4   0x080001f4   0x00000024   Code   RO          553    .text               mc_w.l(init.o)
    0x08000218   0x08000218   0x0000001c   Code   RO          233    i.Buffercmp         main.o
    0x08000234   0x08000234   0x00000002   Code   RO          455    i.BusFault_Handler  stm32l4xx_it.o
    0x08000236   0x08000236   0x00000002   PAD
    0x08000238   0x08000238   0x00000024   Code   RO          234    i.Configure_PKA     main.o
    0x0800025c   0x0800025c   0x00000002   Code   RO          456    i.DebugMon_Handler  stm32l4xx_it.o
    0x0800025e   0x0800025e   0x00000002   Code   RO          457    i.HardFault_Handler  stm32l4xx_it.o
    0x08000260   0x08000260   0x00000018   Code   RO          235    i.LED_Blinking      main.o
    0x08000278   0x08000278   0x00000038   Code   RO          236    i.LED_Init          main.o
    0x080002b0   0x080002b0   0x00000018   Code   RO          238    i.LL_AHB2_GRP1_EnableClock  main.o
    0x080002c8   0x080002c8   0x0000001a   Code   RO           70    i.LL_Init1msTick    stm32l4xx_ll_utils.o
    0x080002e2   0x080002e2   0x00000002   PAD
    0x080002e4   0x080002e4   0x00000014   Code   RO          239    i.LL_RCC_SetAHBPrescaler  main.o
    0x080002f8   0x080002f8   0x0000000c   Code   RO           75    i.LL_SetSystemCoreClock  stm32l4xx_ll_utils.o
    0x08000304   0x08000304   0x0000001e   Code   RO           76    i.LL_mDelay         stm32l4xx_ll_utils.o
    0x08000322   0x08000322   0x00000002   Code   RO          458    i.MemManage_Handler  stm32l4xx_it.o
    0x08000324   0x08000324   0x00000002   Code   RO          459    i.NMI_Handler       stm32l4xx_it.o
    0x08000326   0x08000326   0x00000008   Code   RO          240    i.PKA_ERROR_callback  main.o
    0x0800032e   0x0800032e   0x00000002   PAD
    0x08000330   0x08000330   0x0000004c   Code   RO          460    i.PKA_IRQHandler    stm32l4xx_it.o
    0x0800037c   0x0800037c   0x00000024   Code   RO          241    i.PKA_Memcpy_u32_to_u8  main.o
    0x080003a0   0x080003a0   0x00000028   Code   RO          242    i.PKA_Memcpy_u8_to_u32  main.o
    0x080003c8   0x080003c8   0x0000000c   Code   RO          243    i.PKA_PROCEND_callback  main.o
    0x080003d4   0x080003d4   0x00000088   Code   RO          244    i.PKA_load_ciphering_parameter  main.o
    0x0800045c   0x0800045c   0x00000088   Code   RO          245    i.PKA_load_unciphering_parameter  main.o
    0x080004e4   0x080004e4   0x00000002   Code   RO          461    i.PendSV_Handler    stm32l4xx_it.o
    0x080004e6   0x080004e6   0x00000002   Code   RO          462    i.SVC_Handler       stm32l4xx_it.o
    0x080004e8   0x080004e8   0x00000002   Code   RO          463    i.SysTick_Handler   stm32l4xx_it.o
    0x080004ea   0x080004ea   0x00000002   PAD
    0x080004ec   0x080004ec   0x000000d8   Code   RO          246    i.SystemClock_Config  main.o
    0x080005c4   0x080005c4   0x00000044   Code   RO            5    i.SystemInit        system_stm32l4xx.o
    0x08000608   0x08000608   0x00000002   Code   RO          464    i.UsageFault_Handler  stm32l4xx_it.o
    0x0800060a   0x0800060a   0x0000000e   Code   RO          557    i.__scatterload_copy  mc_w.l(handlers.o)
    0x08000618   0x08000618   0x00000002   Code   RO          558    i.__scatterload_null  mc_w.l(handlers.o)
    0x0800061a   0x0800061a   0x0000000e   Code   RO          559    i.__scatterload_zeroinit  mc_w.l(handlers.o)
    0x08000628   0x08000628   0x000000d8   Code   RO          247    i.main              main.o
    0x08000700   0x08000700   0x00000100   Data   RO          172    .constdata          ciphertext_1.o
    0x08000800   0x08000800   0x00000004   Data   RO          173    .constdata          ciphertext_1.o
    0x08000804   0x08000804   0x00000100   Data   RO          365    .constdata          plaintext_1.o
    0x08000904   0x08000904   0x00000004   Data   RO          366    .constdata          plaintext_1.o
    0x08000908   0x08000908   0x00000100   Data   RO          390    .constdata          rsa_priv_2048_1.o
    0x08000a08   0x08000a08   0x00000100   Data   RO          393    .constdata          rsa_priv_2048_1.o
    0x08000b08   0x08000b08   0x00000004   Data   RO          394    .constdata          rsa_priv_2048_1.o
    0x08000b0c   0x08000b0c   0x00000100   Data   RO          428    .constdata          rsa_pub_2048_1.o
    0x08000c0c   0x08000c0c   0x00000004   Data   RO          429    .constdata          rsa_pub_2048_1.o
    0x08000c10   0x08000c10   0x00000004   Data   RO          430    .constdata          rsa_pub_2048_1.o
    0x08000c14   0x08000c14   0x00000004   Data   RO          431    .constdata          rsa_pub_2048_1.o
    0x08000c18   0x08000c18   0x00000020   Data   RO          555    Region$$Table       anon$$obj.o


    Execution Region RW_IRAM1 (Exec base: 0x20000000, Load base: 0x08000c38, Size: 0x00000508, Max: 0x00050000, ABSOLUTE)

    Exec Addr    Load Addr    Size         Type   Attr      Idx    E Section Name        Object

    0x20000000   0x08000c38   0x00000004   Data   RW            8    .data               system_stm32l4xx.o
    0x20000004   0x08000c3c   0x00000004   Data   RW          249    .data               main.o
    0x20000008        -       0x00000100   Zero   RW          248    .bss                main.o
    0x20000108        -       0x00000400   Zero   RW          162    STACK               startup_stm32l4q5xx.o


==============================================================================

Image component sizes


      Code (inc. data)   RO Data    RW Data    ZI Data      Debug   Object Name

         0          0        260          0          0        700   ciphertext_1.o
       988        178          0          4        256     115672   main.o
         0          0        260          0          0        690   plaintext_1.o
         0          0        516          0          0       1703   rsa_priv_2048_1.o
         0          0        268          0          0        896   rsa_pub_2048_1.o
        36          8        444          0       1024        880   startup_stm32l4q5xx.o
        94          4          0          0          0       8863   stm32l4xx_it.o
        68          6          0          0          0       7717   stm32l4xx_ll_utils.o
        68         12          0          4          0     784737   system_stm32l4xx.o

    ----------------------------------------------------------------------
      1262        208       1780          8       1280     921858   Object Totals
         0          0         32          0          0          0   (incl. Generated)
         8          0          0          0          0          0   (incl. Padding)

    ----------------------------------------------------------------------

      Code (inc. data)   RO Data    RW Data    ZI Data      Debug   Library Member Name

         0          0          0          0          0          0   entry.o
         0          0          0          0          0          0   entry10a.o
         0          0          0          0          0          0   entry11a.o
         8          4          0          0          0          0   entry2.o
         4          0          0          0          0          0   entry5.o
         0          0          0          0          0          0   entry7b.o
         0          0          0          0          0          0   entry8b.o
         8          4          0          0          0          0   entry9a.o
        30          0          0          0          0          0   handlers.o
        36          8          0          0          0         68   init.o

    ----------------------------------------------------------------------
        86         16          0          0          0         68   Library Totals
         0          0          0          0          0          0   (incl. Padding)

    ----------------------------------------------------------------------

      Code (inc. data)   RO Data    RW Data    ZI Data      Debug   Library Name

        86         16          0          0          0         68   mc_w.l

    ----------------------------------------------------------------------
        86         16          0          0          0         68   Library Totals

    ----------------------------------------------------------------------

==============================================================================


      Code (inc. data)   RO Data    RW Data    ZI Data      Debug   

      1348        224       1780          8       1280     919830   Grand Totals
      1348        224       1780          8       1280     919830   ELF Image Totals
      1348        224       1780          8          0          0   ROM Totals

==============================================================================

    Total RO  Size (Code + RO Data)                 3128 (   3.05kB)
    Total RW  Size (RW Data + ZI Data)              1288 (   1.26kB)
    Total ROM Size (Code + RO Data + RW Data)       3136 (   3.06kB)

==============================================================================

